2026-08-02 14:35:47 | INFO     | 启动服务: http://0.0.0.0:8001
INFO:     Started server process [47308]
INFO:     Waiting for application startup.
2026-08-02 14:35:47 | INFO     | 正在连接MySQL: localhost:3308
2026-08-02 14:35:47 | INFO     | 数据库 [file_scanner_noai] 已就绪
2026-08-02 14:35:47 | INFO     | 数据表创建完成
2026-08-02 14:35:47 | INFO     | 迁移: 所有字段注释已完整，无需修改
2026-08-02 14:35:47 | WARNING  | file_metadata pinyin 迁移警告: (pymysql.err.OperationalError) (1101, "BLOB, TEXT, GEOMETRY or JSON column 'title_pinyin' can't have a default value")
[SQL: ALTER TABLE file_metadata ADD COLUMN title_pinyin TEXT NOT NULL DEFAULT '' COMMENT '书名拼音搜索字段']
(Background on this error at: https://sqlalche.me/e/20/e3q8)
2026-08-02 14:35:47 | INFO     | 帮助手册默认文档已同步: 4 篇
2026-08-02 14:35:47 | INFO     | 勾选重复规则配置已初始化 (6 条内置规则)
2026-08-02 14:35:47 | INFO     | [重建分组] 开始: config_id=23
2026-08-02 14:35:47 | INFO     | [重建分组] config_id=23 共 107975 条扫描记录
2026-08-02 14:35:48 | INFO     | 重建文件分组完成: config_id=23, groups=54, 总耗时=0.6s
2026-08-02 14:35:48 | INFO     | [重建分组] 开始: config_id=24
2026-08-02 14:35:48 | INFO     | [重建分组] config_id=24 共 107924 条扫描记录
2026-08-02 14:35:48 | INFO     | 重建文件分组完成: config_id=24, groups=54, 总耗时=0.6s
2026-08-02 14:35:48 | INFO     | [重建分组] 开始: config_id=25
2026-08-02 14:35:48 | INFO     | [重建分组] config_id=25 共 107951 条扫描记录
2026-08-02 14:35:53 | INFO     | 重建文件分组完成: config_id=25, groups=104685, 总耗时=4.4s
2026-08-02 14:35:53 | INFO     | [重建分组] 开始: config_id=27
2026-08-02 14:35:53 | INFO     | [重建分组] config_id=27 共 1271 条扫描记录
2026-08-02 14:35:53 | INFO     | 重建文件分组完成: config_id=27, groups=1, 总耗时=0.0s
2026-08-02 14:35:53 | INFO     | 文件扫描管理系统启动完成
INFO:     Application startup complete.
INFO:     Uvicorn running on http://0.0.0.0:8001 (Press CTRL+C to quit)
ERROR:    Exception in ASGI application
Traceback (most recent call last):
  File "D:\Install\Python\Python312\Lib\site-packages\sqlalchemy\engine\base.py", line 1969, in _exec_single_context
    self.dialect.do_execute(
  File "D:\Install\Python\Python312\Lib\site-packages\sqlalchemy\engine\default.py", line 922, in do_execute
    cursor.execute(statement, parameters)
  File "D:\Install\Python\Python312\Lib\site-packages\pymysql\cursors.py", line 153, in execute
    result = self._query(query)
             ^^^^^^^^^^^^^^^^^^
  File "D:\Install\Python\Python312\Lib\site-packages\pymysql\cursors.py", line 322, in _query
    conn.query(q)
  File "D:\Install\Python\Python312\Lib\site-packages\pymysql\connections.py", line 558, in query
    self._affected_rows = self._read_query_result(unbuffered=unbuffered)
                          ^^^^^^^^^^^^^^^^^^^^^^^^^^^^^^^^^^^^^^^^^^^^^^
  File "D:\Install\Python\Python312\Lib\site-packages\pymysql\connections.py", line 822, in _read_query_result
    result.read()
  File "D:\Install\Python\Python312\Lib\site-packages\pymysql\connections.py", line 1200, in read
    first_packet = self.connection._read_packet()
                   ^^^^^^^^^^^^^^^^^^^^^^^^^^^^^^
  File "D:\Install\Python\Python312\Lib\site-packages\pymysql\connections.py", line 772, in _read_packet
    packet.raise_for_error()
  File "D:\Install\Python\Python312\Lib\site-packages\pymysql\protocol.py", line 221, in raise_for_error
    err.raise_mysql_exception(self._data)
  File "D:\Install\Python\Python312\Lib\site-packages\pymysql\err.py", line 143, in raise_mysql_exception
    raise errorclass(errno, errval)
pymysql.err.OperationalError: (1054, "Unknown column 'file_metadata.title_pinyin' in 'field list'")

The above exception was the direct cause of the following exception:

Traceback (most recent call last):
  File "D:\Install\Python\Python312\Lib\site-packages\uvicorn\protocols\http\httptools_impl.py", line 426, in run_asgi
    result = await app(  # type: ignore[func-returns-value]
             ^^^^^^^^^^^^^^^^^^^^^^^^^^^^^^^^^^^^^^^^^^^^^^
  File "D:\Install\Python\Python312\Lib\site-packages\uvicorn\middleware\proxy_headers.py", line 84, in __call__
    return await self.app(scope, receive, send)
           ^^^^^^^^^^^^^^^^^^^^^^^^^^^^^^^^^^^^
  File "D:\Install\Python\Python312\Lib\site-packages\fastapi\applications.py", line 1106, in __call__
    await super().__call__(scope, receive, send)
  File "D:\Install\Python\Python312\Lib\site-packages\starlette\applications.py", line 122, in __call__
    await self.middleware_stack(scope, receive, send)
  File "D:\Install\Python\Python312\Lib\site-packages\starlette\middleware\errors.py", line 184, in __call__
    raise exc
  File "D:\Install\Python\Python312\Lib\site-packages\starlette\middleware\errors.py", line 162, in __call__
    await self.app(scope, receive, _send)
  File "D:\Install\Python\Python312\Lib\site-packages\starlette\middleware\base.py", line 108, in __call__
    response = await self.dispatch_func(request, call_next)
               ^^^^^^^^^^^^^^^^^^^^^^^^^^^^^^^^^^^^^^^^^^^^
  File "D:\user\project\批量文件清理和文件内容识别\txt文件清理-单工程清理\backend\app.py", line 1290, in cache_static_assets
    response = await call_next(request)
               ^^^^^^^^^^^^^^^^^^^^^^^^
  File "D:\Install\Python\Python312\Lib\site-packages\starlette\middleware\base.py", line 84, in call_next
    raise app_exc
  File "D:\Install\Python\Python312\Lib\site-packages\starlette\middleware\base.py", line 70, in coro
    await self.app(scope, receive_or_disconnect, send_no_error)
  File "D:\Install\Python\Python312\Lib\site-packages\starlette\middleware\cors.py", line 83, in __call__
    await self.app(scope, receive, send)
  File "D:\Install\Python\Python312\Lib\site-packages\starlette\middleware\exceptions.py", line 79, in __call__
    raise exc
  File "D:\Install\Python\Python312\Lib\site-packages\starlette\middleware\exceptions.py", line 68, in __call__
    await self.app(scope, receive, sender)
  File "D:\Install\Python\Python312\Lib\site-packages\fastapi\middleware\asyncexitstack.py", line 20, in __call__
    raise e
  File "D:\Install\Python\Python312\Lib\site-packages\fastapi\middleware\asyncexitstack.py", line 17, in __call__
    await self.app(scope, receive, send)
  File "D:\Install\Python\Python312\Lib\site-packages\starlette\routing.py", line 718, in __call__
    await route.handle(scope, receive, send)
  File "D:\Install\Python\Python312\Lib\site-packages\starlette\routing.py", line 276, in handle
    await self.app(scope, receive, send)
  File "D:\Install\Python\Python312\Lib\site-packages\starlette\routing.py", line 66, in app
    response = await func(request)
               ^^^^^^^^^^^^^^^^^^^
  File "D:\Install\Python\Python312\Lib\site-packages\fastapi\routing.py", line 274, in app
    raw_response = await run_endpoint_function(
                   ^^^^^^^^^^^^^^^^^^^^^^^^^^^^
  File "D:\Install\Python\Python312\Lib\site-packages\fastapi\routing.py", line 193, in run_endpoint_function
    return await run_in_threadpool(dependant.call, **values)
           ^^^^^^^^^^^^^^^^^^^^^^^^^^^^^^^^^^^^^^^^^^^^^^^^^
  File "D:\Install\Python\Python312\Lib\site-packages\starlette\concurrency.py", line 41, in run_in_threadpool
    return await anyio.to_thread.run_sync(func, *args)
           ^^^^^^^^^^^^^^^^^^^^^^^^^^^^^^^^^^^^^^^^^^^
  File "D:\Install\Python\Python312\Lib\site-packages\anyio\to_thread.py", line 33, in run_sync
    return await get_asynclib().run_sync_in_worker_thread(
           ^^^^^^^^^^^^^^^^^^^^^^^^^^^^^^^^^^^^^^^^^^^^^^^
  File "D:\Install\Python\Python312\Lib\site-packages\anyio\_backends\_asyncio.py", line 877, in run_sync_in_worker_thread
    return await future
           ^^^^^^^^^^^^
  File "D:\Install\Python\Python312\Lib\site-packages\anyio\_backends\_asyncio.py", line 807, in run
    result = context.run(func, *args)
             ^^^^^^^^^^^^^^^^^^^^^^^^
  File "D:\user\project\批量文件清理和文件内容识别\txt文件清理-单工程清理\backend\app.py", line 3300, in get_stats
    ).count()
      ^^^^^^^
  File "D:\Install\Python\Python312\Lib\site-packages\sqlalchemy\orm\query.py", line 3132, in count
    self._legacy_from_self(col).enable_eagerloads(False).scalar()
  File "D:\Install\Python\Python312\Lib\site-packages\sqlalchemy\orm\query.py", line 2825, in scalar
    ret = self.one()
          ^^^^^^^^^^
  File "D:\Install\Python\Python312\Lib\site-packages\sqlalchemy\orm\query.py", line 2798, in one
    return self._iter().one()  # type: ignore
           ^^^^^^^^^^^^
  File "D:\Install\Python\Python312\Lib\site-packages\sqlalchemy\orm\query.py", line 2847, in _iter
    result: Union[ScalarResult[_T], Result[_T]] = self.session.execute(
                                                  ^^^^^^^^^^^^^^^^^^^^^
  File "D:\Install\Python\Python312\Lib\site-packages\sqlalchemy\orm\session.py", line 2308, in execute
    return self._execute_internal(
           ^^^^^^^^^^^^^^^^^^^^^^^
  File "D:\Install\Python\Python312\Lib\site-packages\sqlalchemy\orm\session.py", line 2190, in _execute_internal
    result: Result[Any] = compile_state_cls.orm_execute_statement(
                          ^^^^^^^^^^^^^^^^^^^^^^^^^^^^^^^^^^^^^^^^
  File "D:\Install\Python\Python312\Lib\site-packages\sqlalchemy\orm\context.py", line 293, in orm_execute_statement
    result = conn.execute(
             ^^^^^^^^^^^^^
  File "D:\Install\Python\Python312\Lib\site-packages\sqlalchemy\engine\base.py", line 1416, in execute
    return meth(
           ^^^^^
  File "D:\Install\Python\Python312\Lib\site-packages\sqlalchemy\sql\elements.py", line 516, in _execute_on_connection
    return connection._execute_clauseelement(
           ^^^^^^^^^^^^^^^^^^^^^^^^^^^^^^^^^^
  File "D:\Install\Python\Python312\Lib\site-packages\sqlalchemy\engine\base.py", line 1639, in _execute_clauseelement
    ret = self._execute_context(
          ^^^^^^^^^^^^^^^^^^^^^^
  File "D:\Install\Python\Python312\Lib\site-packages\sqlalchemy\engine\base.py", line 1848, in _execute_context
    return self._exec_single_context(
           ^^^^^^^^^^^^^^^^^^^^^^^^^^
  File "D:\Install\Python\Python312\Lib\site-packages\sqlalchemy\engine\base.py", line 1988, in _exec_single_context
    self._handle_dbapi_exception(
  File "D:\Install\Python\Python312\Lib\site-packages\sqlalchemy\engine\base.py", line 2343, in _handle_dbapi_exception
    raise sqlalchemy_exception.with_traceback(exc_info[2]) from e
  File "D:\Install\Python\Python312\Lib\site-packages\sqlalchemy\engine\base.py", line 1969, in _exec_single_context
    self.dialect.do_execute(
  File "D:\Install\Python\Python312\Lib\site-packages\sqlalchemy\engine\default.py", line 922, in do_execute
    cursor.execute(statement, parameters)
  File "D:\Install\Python\Python312\Lib\site-packages\pymysql\cursors.py", line 153, in execute
    result = self._query(query)
             ^^^^^^^^^^^^^^^^^^
  File "D:\Install\Python\Python312\Lib\site-packages\pymysql\cursors.py", line 322, in _query
    conn.query(q)
  File "D:\Install\Python\Python312\Lib\site-packages\pymysql\connections.py", line 558, in query
    self._affected_rows = self._read_query_result(unbuffered=unbuffered)
                          ^^^^^^^^^^^^^^^^^^^^^^^^^^^^^^^^^^^^^^^^^^^^^^
  File "D:\Install\Python\Python312\Lib\site-packages\pymysql\connections.py", line 822, in _read_query_result
    result.read()
  File "D:\Install\Python\Python312\Lib\site-packages\pymysql\connections.py", line 1200, in read
    first_packet = self.connection._read_packet()
                   ^^^^^^^^^^^^^^^^^^^^^^^^^^^^^^
  File "D:\Install\Python\Python312\Lib\site-packages\pymysql\connections.py", line 772, in _read_packet
    packet.raise_for_error()
  File "D:\Install\Python\Python312\Lib\site-packages\pymysql\protocol.py", line 221, in raise_for_error
    err.raise_mysql_exception(self._data)
  File "D:\Install\Python\Python312\Lib\site-packages\pymysql\err.py", line 143, in raise_mysql_exception
    raise errorclass(errno, errval)
sqlalchemy.exc.OperationalError: (pymysql.err.OperationalError) (1054, "Unknown column 'file_metadata.title_pinyin' in 'field list'")
[SQL: SELECT count(*) AS count_1 
FROM (SELECT file_metadata.id AS file_metadata_id, file_metadata.scan_result_id AS file_metadata_scan_result_id, file_metadata.novel_name AS file_metadata_novel_name, file_metadata.author AS file_metadata_author, file_metadata.progress AS file_metadata_progress, file_metadata.source AS file_metadata_source, file_metadata.title_pinyin AS file_metadata_title_pinyin, file_metadata.author_pinyin AS file_metadata_author_pinyin, file_metadata.summary AS file_metadata_summary, file_metadata.encoding AS file_metadata_encoding, file_metadata.parsed_at AS file_metadata_parsed_at 
FROM file_metadata 
WHERE file_metadata.novel_name != %(novel_name_1)s) AS anon_1]
[parameters: {'novel_name_1': ''}]
(Background on this error at: https://sqlalche.me/e/20/e3q8)
ERROR:    Exception in ASGI application
Traceback (most recent call last):
  File "D:\Install\Python\Python312\Lib\site-packages\sqlalchemy\engine\base.py", line 1969, in _exec_single_context
    self.dialect.do_execute(
  File "D:\Install\Python\Python312\Lib\site-packages\sqlalchemy\engine\default.py", line 922, in do_execute
    cursor.execute(statement, parameters)
  File "D:\Install\Python\Python312\Lib\site-packages\pymysql\cursors.py", line 153, in execute
    result = self._query(query)
             ^^^^^^^^^^^^^^^^^^
  File "D:\Install\Python\Python312\Lib\site-packages\pymysql\cursors.py", line 322, in _query
    conn.query(q)
  File "D:\Install\Python\Python312\Lib\site-packages\pymysql\connections.py", line 558, in query
    self._affected_rows = self._read_query_result(unbuffered=unbuffered)
                          ^^^^^^^^^^^^^^^^^^^^^^^^^^^^^^^^^^^^^^^^^^^^^^
  File "D:\Install\Python\Python312\Lib\site-packages\pymysql\connections.py", line 822, in _read_query_result
    result.read()
  File "D:\Install\Python\Python312\Lib\site-packages\pymysql\connections.py", line 1200, in read
    first_packet = self.connection._read_packet()
                   ^^^^^^^^^^^^^^^^^^^^^^^^^^^^^^
  File "D:\Install\Python\Python312\Lib\site-packages\pymysql\connections.py", line 772, in _read_packet
    packet.raise_for_error()
  File "D:\Install\Python\Python312\Lib\site-packages\pymysql\protocol.py", line 221, in raise_for_error
    err.raise_mysql_exception(self._data)
  File "D:\Install\Python\Python312\Lib\site-packages\pymysql\err.py", line 143, in raise_mysql_exception
    raise errorclass(errno, errval)
pymysql.err.OperationalError: (1054, "Unknown column 'file_metadata.title_pinyin' in 'field list'")

The above exception was the direct cause of the following exception:

Traceback (most recent call last):
  File "D:\Install\Python\Python312\Lib\site-packages\uvicorn\protocols\http\httptools_impl.py", line 426, in run_asgi
    result = await app(  # type: ignore[func-returns-value]
             ^^^^^^^^^^^^^^^^^^^^^^^^^^^^^^^^^^^^^^^^^^^^^^
  File "D:\Install\Python\Python312\Lib\site-packages\uvicorn\middleware\proxy_headers.py", line 84, in __call__
    return await self.app(scope, receive, send)
           ^^^^^^^^^^^^^^^^^^^^^^^^^^^^^^^^^^^^
  File "D:\Install\Python\Python312\Lib\site-packages\fastapi\applications.py", line 1106, in __call__
    await super().__call__(scope, receive, send)
  File "D:\Install\Python\Python312\Lib\site-packages\starlette\applications.py", line 122, in __call__
    await self.middleware_stack(scope, receive, send)
  File "D:\Install\Python\Python312\Lib\site-packages\starlette\middleware\errors.py", line 184, in __call__
    raise exc
  File "D:\Install\Python\Python312\Lib\site-packages\starlette\middleware\errors.py", line 162, in __call__
    await self.app(scope, receive, _send)
  File "D:\Install\Python\Python312\Lib\site-packages\starlette\middleware\base.py", line 108, in __call__
    response = await self.dispatch_func(request, call_next)
               ^^^^^^^^^^^^^^^^^^^^^^^^^^^^^^^^^^^^^^^^^^^^
  File "D:\user\project\批量文件清理和文件内容识别\txt文件清理-单工程清理\backend\app.py", line 1290, in cache_static_assets
    response = await call_next(request)
               ^^^^^^^^^^^^^^^^^^^^^^^^
  File "D:\Install\Python\Python312\Lib\site-packages\starlette\middleware\base.py", line 84, in call_next
    raise app_exc
  File "D:\Install\Python\Python312\Lib\site-packages\starlette\middleware\base.py", line 70, in coro
    await self.app(scope, receive_or_disconnect, send_no_error)
  File "D:\Install\Python\Python312\Lib\site-packages\starlette\middleware\cors.py", line 83, in __call__
    await self.app(scope, receive, send)
  File "D:\Install\Python\Python312\Lib\site-packages\starlette\middleware\exceptions.py", line 79, in __call__
    raise exc
  File "D:\Install\Python\Python312\Lib\site-packages\starlette\middleware\exceptions.py", line 68, in __call__
    await self.app(scope, receive, sender)
  File "D:\Install\Python\Python312\Lib\site-packages\fastapi\middleware\asyncexitstack.py", line 20, in __call__
    raise e
  File "D:\Install\Python\Python312\Lib\site-packages\fastapi\middleware\asyncexitstack.py", line 17, in __call__
    await self.app(scope, receive, send)
  File "D:\Install\Python\Python312\Lib\site-packages\starlette\routing.py", line 718, in __call__
    await route.handle(scope, receive, send)
  File "D:\Install\Python\Python312\Lib\site-packages\starlette\routing.py", line 276, in handle
    await self.app(scope, receive, send)
  File "D:\Install\Python\Python312\Lib\site-packages\starlette\routing.py", line 66, in app
    response = await func(request)
               ^^^^^^^^^^^^^^^^^^^
  File "D:\Install\Python\Python312\Lib\site-packages\fastapi\routing.py", line 274, in app
    raw_response = await run_endpoint_function(
                   ^^^^^^^^^^^^^^^^^^^^^^^^^^^^
  File "D:\Install\Python\Python312\Lib\site-packages\fastapi\routing.py", line 193, in run_endpoint_function
    return await run_in_threadpool(dependant.call, **values)
           ^^^^^^^^^^^^^^^^^^^^^^^^^^^^^^^^^^^^^^^^^^^^^^^^^
  File "D:\Install\Python\Python312\Lib\site-packages\starlette\concurrency.py", line 41, in run_in_threadpool
    return await anyio.to_thread.run_sync(func, *args)
           ^^^^^^^^^^^^^^^^^^^^^^^^^^^^^^^^^^^^^^^^^^^
  File "D:\Install\Python\Python312\Lib\site-packages\anyio\to_thread.py", line 33, in run_sync
    return await get_asynclib().run_sync_in_worker_thread(
           ^^^^^^^^^^^^^^^^^^^^^^^^^^^^^^^^^^^^^^^^^^^^^^^
  File "D:\Install\Python\Python312\Lib\site-packages\anyio\_backends\_asyncio.py", line 877, in run_sync_in_worker_thread
    return await future
           ^^^^^^^^^^^^
  File "D:\Install\Python\Python312\Lib\site-packages\anyio\_backends\_asyncio.py", line 807, in run
    result = context.run(func, *args)
             ^^^^^^^^^^^^^^^^^^^^^^^^
  File "D:\user\project\批量文件清理和文件内容识别\txt文件清理-单工程清理\backend\app.py", line 3300, in get_stats
    ).count()
      ^^^^^^^
  File "D:\Install\Python\Python312\Lib\site-packages\sqlalchemy\orm\query.py", line 3132, in count
    self._legacy_from_self(col).enable_eagerloads(False).scalar()
  File "D:\Install\Python\Python312\Lib\site-packages\sqlalchemy\orm\query.py", line 2825, in scalar
    ret = self.one()
          ^^^^^^^^^^
  File "D:\Install\Python\Python312\Lib\site-packages\sqlalchemy\orm\query.py", line 2798, in one
    return self._iter().one()  # type: ignore
           ^^^^^^^^^^^^
  File "D:\Install\Python\Python312\Lib\site-packages\sqlalchemy\orm\query.py", line 2847, in _iter
    result: Union[ScalarResult[_T], Result[_T]] = self.session.execute(
                                                  ^^^^^^^^^^^^^^^^^^^^^
  File "D:\Install\Python\Python312\Lib\site-packages\sqlalchemy\orm\session.py", line 2308, in execute
    return self._execute_internal(
           ^^^^^^^^^^^^^^^^^^^^^^^
  File "D:\Install\Python\Python312\Lib\site-packages\sqlalchemy\orm\session.py", line 2190, in _execute_internal
    result: Result[Any] = compile_state_cls.orm_execute_statement(
                          ^^^^^^^^^^^^^^^^^^^^^^^^^^^^^^^^^^^^^^^^
  File "D:\Install\Python\Python312\Lib\site-packages\sqlalchemy\orm\context.py", line 293, in orm_execute_statement
    result = conn.execute(
             ^^^^^^^^^^^^^
  File "D:\Install\Python\Python312\Lib\site-packages\sqlalchemy\engine\base.py", line 1416, in execute
    return meth(
           ^^^^^
  File "D:\Install\Python\Python312\Lib\site-packages\sqlalchemy\sql\elements.py", line 516, in _execute_on_connection
    return connection._execute_clauseelement(
           ^^^^^^^^^^^^^^^^^^^^^^^^^^^^^^^^^^
  File "D:\Install\Python\Python312\Lib\site-packages\sqlalchemy\engine\base.py", line 1639, in _execute_clauseelement
    ret = self._execute_context(
          ^^^^^^^^^^^^^^^^^^^^^^
  File "D:\Install\Python\Python312\Lib\site-packages\sqlalchemy\engine\base.py", line 1848, in _execute_context
    return self._exec_single_context(
           ^^^^^^^^^^^^^^^^^^^^^^^^^^
  File "D:\Install\Python\Python312\Lib\site-packages\sqlalchemy\engine\base.py", line 1988, in _exec_single_context
    self._handle_dbapi_exception(
  File "D:\Install\Python\Python312\Lib\site-packages\sqlalchemy\engine\base.py", line 2343, in _handle_dbapi_exception
    raise sqlalchemy_exception.with_traceback(exc_info[2]) from e
  File "D:\Install\Python\Python312\Lib\site-packages\sqlalchemy\engine\base.py", line 1969, in _exec_single_context
    self.dialect.do_execute(
  File "D:\Install\Python\Python312\Lib\site-packages\sqlalchemy\engine\default.py", line 922, in do_execute
    cursor.execute(statement, parameters)
  File "D:\Install\Python\Python312\Lib\site-packages\pymysql\cursors.py", line 153, in execute
    result = self._query(query)
             ^^^^^^^^^^^^^^^^^^
  File "D:\Install\Python\Python312\Lib\site-packages\pymysql\cursors.py", line 322, in _query
    conn.query(q)
  File "D:\Install\Python\Python312\Lib\site-packages\pymysql\connections.py", line 558, in query
    self._affected_rows = self._read_query_result(unbuffered=unbuffered)
                          ^^^^^^^^^^^^^^^^^^^^^^^^^^^^^^^^^^^^^^^^^^^^^^
  File "D:\Install\Python\Python312\Lib\site-packages\pymysql\connections.py", line 822, in _read_query_result
    result.read()
  File "D:\Install\Python\Python312\Lib\site-packages\pymysql\connections.py", line 1200, in read
    first_packet = self.connection._read_packet()
                   ^^^^^^^^^^^^^^^^^^^^^^^^^^^^^^
  File "D:\Install\Python\Python312\Lib\site-packages\pymysql\connections.py", line 772, in _read_packet
    packet.raise_for_error()
  File "D:\Install\Python\Python312\Lib\site-packages\pymysql\protocol.py", line 221, in raise_for_error
    err.raise_mysql_exception(self._data)
  File "D:\Install\Python\Python312\Lib\site-packages\pymysql\err.py", line 143, in raise_mysql_exception
    raise errorclass(errno, errval)
sqlalchemy.exc.OperationalError: (pymysql.err.OperationalError) (1054, "Unknown column 'file_metadata.title_pinyin' in 'field list'")
[SQL: SELECT count(*) AS count_1 
FROM (SELECT file_metadata.id AS file_metadata_id, file_metadata.scan_result_id AS file_metadata_scan_result_id, file_metadata.novel_name AS file_metadata_novel_name, file_metadata.author AS file_metadata_author, file_metadata.progress AS file_metadata_progress, file_metadata.source AS file_metadata_source, file_metadata.title_pinyin AS file_metadata_title_pinyin, file_metadata.author_pinyin AS file_metadata_author_pinyin, file_metadata.summary AS file_metadata_summary, file_metadata.encoding AS file_metadata_encoding, file_metadata.parsed_at AS file_metadata_parsed_at 
FROM file_metadata 
WHERE file_metadata.novel_name != %(novel_name_1)s) AS anon_1]
[parameters: {'novel_name_1': ''}]
(Background on this error at: https://sqlalche.me/e/20/e3q8)
